cargo : warning: profiles for
 the non root package will be
 ignored, specify profiles at
 the workspace root:
위치 줄:1 문자:1
+ cargo build -p aether-cli >
 build_error.log 2>&1
+ ~~~~~~~~~~~~~~~~~~~~~~~~~~~
~~~~~~~~~~~~~~~~~~~~~
    + CategoryInfo           
   : NotSpecified: (warning  
  : profil...workspace roo   
 t::String) [], RemoteExc    
eption
    + FullyQualifiedErrorId  
   : NativeCommandError
 
package:   F:\Aether\crates\a
ether-node\Cargo.toml
workspace: F:\Aether\Cargo.to
ml
warning: unused variable: `p`
  --> crates\aether-ai\src\li
b.rs:74:16
   |
74 |         Ok(mut p) => {
   |                ^ help: i
f this is intentional, prefix
 it with an underscore: `_p`
   |
   = note: `#[warn(unused_var
iables)]` (part of `#[warn(un
used)]`) on by default

warning: variable does not ne
ed to be mutable
  --> crates\aether-ai\src\li
b.rs:74:12
   |
74 |         Ok(mut p) => {
   |            ----^
   |            |
   |            help: remove 
this `mut`
   |
   = note: `#[warn(unused_mut
)]` (part of `#[warn(unused)]
`) on by default

warning: `aether-ai` (lib) ge
nerated 2 warnings (run `carg
o fix --lib -p aether-ai` to 
apply 1 suggestion)
   Compiling aether-cli v0.1.
0 (F:\Aether\crates\aether-cl
i)
warning: unused import: `Olla
maProvider`
 --> crates\aether-cli\src\ma
in.rs:1:52
  |
1 | use aether_ai::{OpenAiPro
vider, AnthropicProvider, Oll
amaProvider, GeminiProvider};
  |                          
                          ^^^
^^^^^^^^^^^
  |
  = note: `#[warn(unused_impo
rts)]` (part of `#[warn(unuse
d)]`) on by default

warning: unused import: `Prov
iderConfig`
 --> crates\aether-cli\src\ma
in.rs:2:46
  |
2 | use aether_core::{Injecti
onEngine, Template, ProviderC
onfig};
  |                          
                    ^^^^^^^^^
^^^^^

warning: unused imports: `deb
ug` and `error`
 --> crates\aether-cli\src\ma
in.rs:6:17
  |
6 | use log::{info, error, de
bug};
  |                 ^^^^^  ^^
^^^

error[E0277]: `ProviderType` 
doesn't implement `std::fmt::
Debug`
  --> crates\aether-cli\src\m
ain.rs:82:53
   |
82 |             info!("Initi
alizing AI provider: {:?}", p
rovider);
   |                         
                     ----   ^
^^^^^^^ `ProviderType` cannot
 be formatted using `{:?}` be
cause it doesn't implement `s
td::fmt::Debug`
   |                         
                     |
   |                         
                     required
 by this formatting parameter
   |
   = help: the trait `std::fm
t::Debug` is not implemented 
for `ProviderType`
   = note: add `#[derive(Debu
g)]` to `ProviderType` or man
ually `impl std::fmt::Debug f
or ProviderType`
   = note: required for `&Pro
viderType` to implement `std:
:fmt::Debug`
   = note: this error origina
tes in the macro `$crate::__p
rivate_api::format_args` whic
h comes from the expansion of
 the macro `info` (in Nightly
 builds, run with -Z macro-ba
cktrace for more info)
help: consider annotating `Pr
oviderType` with `#[derive(De
bug)]`
   |
46 + #[derive(Debug)]
47 | enum ProviderType {
   |

error[E0308]: `match` arms ha
ve incompatible types
   --> crates\aether-cli\src\
main.rs:98:21
    |
 83 |               let engin
e = match provider {
    |  ______________________
____-
 84 | |                 Provi
derType::Openai => {
 85 | |                     l
et p = if let Some(m) = model
 {
 86 | |                      
   aether_ai::openai(m)?
...   |
 90 | |                     I
njectionEngine::new(p)
    | |                     -
---------------------- this i
s found to be of type `Inject
ionEngine<OpenAiProvider>`
...   |
 98 | |                     I
njectionEngine::new(p)
    | |                     ^
^^^^^^^^^^^^^^^^^^^^^^ expect
ed `InjectionEngine<OpenAiPro
vider>`, found `InjectionEngi
ne<AnthropicProvider>`
...   |
118 | |             };
    | |_____________- `match`
 arms have incompatible types
    |
    = note: expected struct `
InjectionEngine<OpenAiProvide
r>`
               found struct `
InjectionEngine<AnthropicProv
ider>`

Some errors have detailed exp
lanations: E0277, E0308.
For more information about an
 error, try `rustc --explain 
E0277`.
warning: `aether-cli` (bin "a
ether-cli") generated 3 warni
ngs
error: could not compile `aet
her-cli` (bin "aether-cli") d
ue to 2 previous errors; 3 wa
rnings emitted
